make: `intList.o' is up to date.
